
> fakebook@0.0.0 start
> ng serve --port 4300 --host localhost --no-open


Initial Chunk Files                            | Names         |  Raw Size
vendor.js                                      | vendor        |   4.98 MB |
main.js                                        | main          |   3.68 MB |
scripts.js                                     | scripts       |   2.34 MB |
styles.css, styles.js                          | styles        | 409.74 kB |
polyfills.js                                   | polyfills     | 255.34 kB |
runtime.js                                     | runtime       |   7.82 kB |

| Initial Total |  11.66 MB

Lazy Chunk Files                               | Names         |  Raw Size
src_app_services_transport_chrono_worker_ts.js | -             | 981 bytes |

Build at: 2025-08-16T13:58:42.961Z - Hash: 1477a1365e2fdbe3 - Time: 7194ms

** Angular Live Development Server is listening on localhost:4300, open your browser on http://localhost:4300/ **


✔ Compiled successfully.

Initial Chunk Files | Names   | Raw Size
vendor.js           | vendor  |  4.99 MB |
main.js             | main    |  3.68 MB |
runtime.js          | runtime |  7.82 kB |

4 unchanged chunks

Build at: 2025-08-16T14:11:41.797Z - Hash: 0ca183c14f159279 - Time: 2403ms

✖ Failed to compile.

Initial Chunk Files | Names   | Raw Size
vendor.js           | vendor  |  4.98 MB |
main.js             | main    |  3.68 MB |
runtime.js          | runtime |  7.82 kB |

4 unchanged chunks

Build at: 2025-08-16T14:12:52.547Z - Hash: 6c964d937110446b - Time: 635ms

✔ Compiled successfully.

7 unchanged chunks

Build at: 2025-08-16T14:12:59.324Z - Hash: 6c964d937110446b - Time: 3266ms

✔ Compiled successfully.
