::1 - - [01/Sep/2025 20:22:13] "GET / HTTP/1.1" 200 -
::1 - - [01/Sep/2025 20:22:17] "HEAD /main.js HTTP/1.1" 200 -
::1 - - [01/Sep/2025 20:22:22] "HEAD /instrumentManager.js HTTP/1.1" 200 -
::1 - - [01/Sep/2025 20:22:26] "GET /?id=e0fefaf7-72d5-4712-96af-28a18989980e&vscodeBrowserReqId=1756779746235 HTTP/1.1" 200 -
::1 - - [01/Sep/2025 20:22:26] "GET /styles.css?v=2 HTTP/1.1" 200 -
::1 - - [01/Sep/2025 20:22:26] "GET /chords.js?v=4 HTTP/1.1" 200 -
::1 - - [01/Sep/2025 20:22:26] "GET /main.js?v=152 HTTP/1.1" 200 -
::1 - - [01/Sep/2025 20:22:26] "GET /staves-integration.js HTTP/1.1" 200 -
::1 - - [01/Sep/2025 20:22:26] "GET /musical-staves-3d.js HTTP/1.1" 200 -
::1 - - [01/Sep/2025 20:22:26] "GET /professional-drum-machine.js?v=11 HTTP/1.1" 200 -
::1 - - [01/Sep/2025 20:22:29] "GET /transport-bridge.js HTTP/1.1" 200 -
::1 - - [01/Sep/2025 20:22:29] "GET /interactionFSM.js HTTP/1.1" 200 -
::1 - - [01/Sep/2025 20:22:29] "GET /raycastRouter.js HTTP/1.1" 200 -
::1 - - [01/Sep/2025 20:22:29] "GET /textureConfig.js HTTP/1.1" 200 -
::1 - - [01/Sep/2025 20:22:29] "GET /diagnosticsOverlay.js HTTP/1.1" 200 -
::1 - - [01/Sep/2025 20:22:29] "GET /integration/bridge.js HTTP/1.1" 200 -
::1 - - [01/Sep/2025 20:22:29] "GET /stateStore.js HTTP/1.1" 200 -
::1 - - [01/Sep/2025 20:22:29] "GET /shelf_map.json?v=1756779749381 HTTP/1.1" 200 -
::1 - - [01/Sep/2025 20:22:30] "GET / HTTP/1.1" 200 -
::1 - - [01/Sep/2025 20:23:13] "GET /?id=e0fefaf7-72d5-4712-96af-28a18989980e&vscodeBrowserReqId=1756779793617 HTTP/1.1" 200 -
::1 - - [01/Sep/2025 20:23:14] "GET /shelf_map.json?v=1756779794081 HTTP/1.1" 200 -
::1 - - [01/Sep/2025 20:23:17] "GET /integration/bridge.js HTTP/1.1" 200 -
::1 - - [01/Sep/2025 20:23:17] "GET /stateStore.js HTTP/1.1" 200 -
::1 - - [01/Sep/2025 20:23:17] "GET /interactionFSM.js HTTP/1.1" 200 -
::1 - - [01/Sep/2025 20:23:17] "GET /raycastRouter.js HTTP/1.1" 200 -
::1 - - [01/Sep/2025 20:23:17] "GET /diagnosticsOverlay.js HTTP/1.1" 200 -
::1 - - [01/Sep/2025 20:23:17] "GET /textureConfig.js HTTP/1.1" 200 -
::1 - - [01/Sep/2025 20:23:17] "GET /Shelf%20Map%20Official.json?v=1756779797200 HTTP/1.1" 200 -
::1 - - [01/Sep/2025 20:23:28] "GET /fonts/NVX%20Diamond%20Font.otf HTTP/1.1" 200 -
::1 - - [01/Sep/2025 20:23:28] "GET /interactionFSM.js HTTP/1.1" 200 -
::1 - - [01/Sep/2025 20:23:28] "GET /raycastRouter.js HTTP/1.1" 200 -
::1 - - [01/Sep/2025 20:23:28] "GET /stateStore.js HTTP/1.1" 200 -
::1 - - [01/Sep/2025 20:23:28] "GET /textureConfig.js HTTP/1.1" 200 -
::1 - - [01/Sep/2025 20:23:28] "GET /integration/bridge.js HTTP/1.1" 200 -
::1 - - [01/Sep/2025 20:23:28] "GET /diagnosticsOverlay.js HTTP/1.1" 200 -
::1 - - [01/Sep/2025 20:23:29] "GET /Shelf%20Map%20Official.json?v=1756779809010 HTTP/1.1" 200 -
::1 - - [01/Sep/2025 20:24:01] "GET / HTTP/1.1" 200 -
::1 - - [01/Sep/2025 20:24:01] "GET /styles.css?v=2 HTTP/1.1" 200 -
::1 - - [01/Sep/2025 20:24:01] "GET /staves-integration.js HTTP/1.1" 200 -
::1 - - [01/Sep/2025 20:24:01] "GET /musical-staves-3d.js HTTP/1.1" 200 -
::1 - - [01/Sep/2025 20:24:01] "GET /chords.js?v=4 HTTP/1.1" 200 -
::1 - - [01/Sep/2025 20:24:01] "GET /main.js?v=152 HTTP/1.1" 200 -
::1 - - [01/Sep/2025 20:24:01] "GET /professional-drum-machine.js?v=11 HTTP/1.1" 200 -
::1 - - [01/Sep/2025 20:24:04] "GET /chords.js HTTP/1.1" 200 -
::1 - - [01/Sep/2025 20:24:04] "GET /transport-bridge.js HTTP/1.1" 200 -
::1 - - [01/Sep/2025 20:24:04] "GET /raycastRouter.js HTTP/1.1" 200 -
::1 - - [01/Sep/2025 20:24:04] "GET /shelfMapService.js HTTP/1.1" 200 -
::1 - - [01/Sep/2025 20:24:04] "GET /interactionFSM.js HTTP/1.1" 200 -
::1 - - [01/Sep/2025 20:24:04] "GET /textureConfig.js HTTP/1.1" 200 -
::1 - - [01/Sep/2025 20:24:04] "GET /diagnosticsOverlay.js HTTP/1.1" 200 -
::1 - - [01/Sep/2025 20:24:04] "GET /integration/bridge.js HTTP/1.1" 200 -
::1 - - [01/Sep/2025 20:24:04] "GET /stateStore.js HTTP/1.1" 200 -
::1 - - [01/Sep/2025 20:24:04] "GET /shelf_map.json?v=1756779844765 HTTP/1.1" 200 -
::1 - - [01/Sep/2025 20:24:05] "GET /favicon.ico HTTP/1.1" 200 -
::1 - - [01/Sep/2025 20:24:10] code 404, message File not found
::1 - - [01/Sep/2025 20:24:10] "GET /.well-known/appspecific/com.chrome.devtools.json HTTP/1.1" 404 -
::1 - - [01/Sep/2025 20:24:14] "GET /favicon.ico HTTP/1.1" 200 -
::1 - - [01/Sep/2025 20:26:27] "GET / HTTP/1.1" 200 -
::1 - - [01/Sep/2025 20:26:27] "GET /main.js?v=152 HTTP/1.1" 304 -
::1 - - [01/Sep/2025 20:26:27] code 404, message File not found
::1 - - [01/Sep/2025 20:26:27] "GET /.well-known/appspecific/com.chrome.devtools.json HTTP/1.1" 404 -
::1 - - [01/Sep/2025 20:26:27] "GET /shelf_map.json?v=1756779987668 HTTP/1.1" 200 -
::1 - - [01/Sep/2025 20:27:01] "GET /favicon.ico HTTP/1.1" 200 -
::1 - - [01/Sep/2025 20:28:32] "GET /?id=e0fefaf7-72d5-4712-96af-28a18989980e&vscodeBrowserReqId=1756780112573 HTTP/1.1" 200 -
::1 - - [01/Sep/2025 20:28:32] "GET /main.js?v=152 HTTP/1.1" 304 -
::1 - - [01/Sep/2025 20:28:34] "GET /shelf_map.json?v=1756780114198 HTTP/1.1" 200 -
::1 - - [01/Sep/2025 20:29:22] "GET / HTTP/1.1" 200 -
::1 - - [01/Sep/2025 20:29:26] "GET / HTTP/1.1" 200 -
::1 - - [01/Sep/2025 20:29:29] "GET / HTTP/1.1" 200 -
::1 - - [01/Sep/2025 20:29:29] "GET /main.js?v=152 HTTP/1.1" 200 -
::1 - - [01/Sep/2025 20:29:29] code 404, message File not found
::1 - - [01/Sep/2025 20:29:29] "GET /.well-known/appspecific/com.chrome.devtools.json HTTP/1.1" 404 -
::1 - - [01/Sep/2025 20:29:30] "GET /shelf_map.json?v=1756780170349 HTTP/1.1" 200 -
::1 - - [01/Sep/2025 20:29:33] "GET /favicon.ico HTTP/1.1" 200 -
::1 - - [01/Sep/2025 20:30:11] "GET / HTTP/1.1" 200 -
::1 - - [01/Sep/2025 20:30:11] "GET /main.js?v=152 HTTP/1.1" 304 -
::1 - - [01/Sep/2025 20:30:11] code 404, message File not found
::1 - - [01/Sep/2025 20:30:11] "GET /.well-known/appspecific/com.chrome.devtools.json HTTP/1.1" 404 -
::1 - - [01/Sep/2025 20:30:11] "GET /shelf_map.json?v=1756780211576 HTTP/1.1" 200 -
::1 - - [01/Sep/2025 20:30:21] "GET /favicon.ico HTTP/1.1" 200 -
::1 - - [01/Sep/2025 20:31:57] "GET /main.js HTTP/1.1" 200 -
::1 - - [01/Sep/2025 20:32:26] "GET / HTTP/1.1" 200 -
::1 - - [01/Sep/2025 20:32:26] "GET /main.js?v=152 HTTP/1.1" 304 -
::1 - - [01/Sep/2025 20:32:26] code 404, message File not found
::1 - - [01/Sep/2025 20:32:26] "GET /.well-known/appspecific/com.chrome.devtools.json HTTP/1.1" 404 -
::1 - - [01/Sep/2025 20:32:26] "GET /shelf_map.json?v=1756780346625 HTTP/1.1" 200 -
::1 - - [01/Sep/2025 20:32:28] "GET /favicon.ico HTTP/1.1" 200 -
::1 - - [01/Sep/2025 20:32:48] "GET /?id=e0fefaf7-72d5-4712-96af-28a18989980e&vscodeBrowserReqId=1756780368783 HTTP/1.1" 200 -
::1 - - [01/Sep/2025 20:32:48] "GET /main.js?v=152 HTTP/1.1" 200 -
::1 - - [01/Sep/2025 20:32:49] "GET /shelf_map.json?v=1756780369229 HTTP/1.1" 200 -
::1 - - [01/Sep/2025 20:35:21] "GET / HTTP/1.1" 200 -
::1 - - [01/Sep/2025 20:35:21] "GET /main.js?v=152 HTTP/1.1" 200 -
::1 - - [01/Sep/2025 20:35:21] code 404, message File not found
::1 - - [01/Sep/2025 20:35:21] "GET /.well-known/appspecific/com.chrome.devtools.json HTTP/1.1" 404 -
::1 - - [01/Sep/2025 20:35:23] "GET /shelf_map.json?v=1756780523007 HTTP/1.1" 200 -
::1 - - [01/Sep/2025 20:35:27] "GET /favicon.ico HTTP/1.1" 200 -
::1 - - [01/Sep/2025 20:36:10] "GET / HTTP/1.1" 200 -
::1 - - [01/Sep/2025 20:36:10] "GET /professional-drum-machine.js?v=11 HTTP/1.1" 304 -
::1 - - [01/Sep/2025 20:36:10] "GET /main.js?v=152 HTTP/1.1" 304 -
::1 - - [01/Sep/2025 20:36:10] code 404, message File not found
::1 - - [01/Sep/2025 20:36:10] "GET /.well-known/appspecific/com.chrome.devtools.json HTTP/1.1" 404 -
::1 - - [01/Sep/2025 20:36:10] "GET /transport-bridge.js HTTP/1.1" 304 -
::1 - - [01/Sep/2025 20:36:10] "GET /shelf_map.json?v=1756780570987 HTTP/1.1" 200 -
::1 - - [01/Sep/2025 20:36:13] "GET /favicon.ico HTTP/1.1" 200 -
::1 - - [01/Sep/2025 20:36:19] "GET /instrumentManager.js HTTP/1.1" 200 -
::1 - - [01/Sep/2025 20:36:23] "GET / HTTP/1.1" 200 -
::1 - - [01/Sep/2025 20:36:34] "GET / HTTP/1.1" 200 -
::1 - - [01/Sep/2025 20:39:39] "GET / HTTP/1.1" 200 -
::1 - - [01/Sep/2025 20:39:39] "GET /instrumentManager.js HTTP/1.1" 200 -
::1 - - [01/Sep/2025 20:39:39] "GET /main.js?v=152 HTTP/1.1" 200 -
::1 - - [01/Sep/2025 20:39:39] code 404, message File not found
